// Vitest Snapshot v1, https://vitest.dev/guide/snapshot.html

exports[`Page: Admin > renders 1`] = `
"<div id="test-wrapper">
  <div data-v-20ac04fb="" class="bg-gray-50 dark:bg-gray-900 w-full flex-1 border-l border-r">
    <div data-v-20ac04fb="" class="flex overflow-hidden full-height">
      <!-- Desktop Sidebar - Full Height -->
      <aside data-v-20ac04fb="" class="hidden md:flex md:flex-shrink-0">
        <div data-v-20ac04fb="" class="flex flex-col w-64 bg-white dark:bg-gray-800 border-r border-gray-200 dark:border-gray-700 h-full">
          <div data-v-20ac04fb="" class="flex items-center flex-shrink-0 px-4 pt-5 pb-4">
            <h2 data-v-20ac04fb="" class="text-xl font-semibold text-gray-900 dark:text-white">pages.admin.title</h2>
          </div>
          <hr data-v-20ac04fb="" class="border-gray-200 dark:border-gray-700">
          <nav data-v-20ac04fb="" class="flex-1 px-2 pt-4 space-y-2 overflow-y-auto"><a data-v-20ac04fb="" href="/admin/members/add" class="text-gray-700 dark:text-gray-300 hover:bg-gray-50 dark:hover:bg-gray-700 group flex items-center px-2 py-2 text-sm font-medium rounded-lg">pages.admin.menu.members-add</a><a data-v-20ac04fb="" href="/admin/cal/" class="text-gray-700 dark:text-gray-300 hover:bg-gray-50 dark:hover:bg-gray-700 group flex items-center px-2 py-2 text-sm font-medium rounded-lg">pages.admin.menu.calendar</a></nav>
        </div>
      </aside><!-- Mobile Drawer Backdrop -->
      <div data-v-20ac04fb="" class="md:hidden fixed inset-0 bg-gray-600 z-40 transition-opacity ease-linear duration-300 opacity-0 pointer-events-none"></div><!-- Mobile Drawer -->
      <div data-v-20ac04fb="" class="md:hidden fixed inset-y-0 left-0 z-50 flex flex-col w-64 bg-white dark:bg-gray-800 shadow-xl transition-transform ease-in-out duration-300 -translate-x-full">
        <div data-v-20ac04fb="" class="flex items-center justify-between flex-shrink-0 px-4 pt-5 pb-4">
          <h2 data-v-20ac04fb="" class="text-xl font-semibold text-gray-900 dark:text-white">pages.admin.title</h2><button data-v-20ac04fb="" class="ml-1 flex items-center justify-center h-10 w-10 rounded-lg hover:bg-gray-100 dark:hover:bg-gray-700 focus:outline-none"><svg data-v-20ac04fb="" class="h-6 w-6 text-gray-600 dark:text-gray-300" fill="none" viewBox="0 0 24 24" stroke="currentColor">
              <path data-v-20ac04fb="" stroke-linecap="round" stroke-linejoin="round" stroke-width="2" d="M6 18L18 6M6 6l12 12"></path>
            </svg></button>
        </div>
        <hr data-v-20ac04fb="" class="border-gray-200 dark:border-gray-700">
        <nav data-v-20ac04fb="" class="flex-1 px-2 pt-4 space-y-2 overflow-y-auto"><a data-v-20ac04fb="" href="/admin/members/add" class="text-gray-700 dark:text-gray-300 hover:bg-gray-50 dark:hover:bg-gray-700 group flex items-center px-2 py-2 text-sm font-medium rounded-lg">pages.admin.menu.members-add</a><a data-v-20ac04fb="" href="/admin/cal/" class="text-gray-700 dark:text-gray-300 hover:bg-gray-50 dark:hover:bg-gray-700 group flex items-center px-2 py-2 text-sm font-medium rounded-lg">pages.admin.menu.calendar</a></nav>
      </div><!-- Main Content -->
      <div data-v-20ac04fb="" class="flex-1 overflow-auto w-full">
        <main data-v-20ac04fb="" class="w-full min-h-full">
          <!-- Mobile Menu Button -->
          <div data-v-20ac04fb="" class="md:hidden flex items-center gap-3 px-4 pt-4 pb-3"><button data-v-20ac04fb="" class="p-2 text-gray-600 dark:text-gray-400 bg-transparent rounded-lg hover:bg-gray-100 dark:hover:bg-gray-700 focus:outline-none focus:ring-4 focus:ring-gray-200 dark:focus:ring-gray-700 transition-colors"><svg data-v-20ac04fb="" class="w-6 h-6" fill="none" viewBox="0 0 24 24" stroke="currentColor">
                <path data-v-20ac04fb="" stroke="currentColor" stroke-linecap="round" stroke-width="2" d="M5 7h14M5 12h14M5 17h10"></path>
              </svg></button>
            <div data-v-20ac04fb="" class="flex items-center gap-2 text-gray-900 dark:text-white"><span data-v-20ac04fb="" class="font-semibold">pages.admin.title</span><!-- eslint-disable-next-line @intlify/vue-i18n/no-raw-text --><span data-v-20ac04fb="" class="text-gray-400 dark:text-gray-500">—</span><span data-v-20ac04fb="" class="text-gray-700 dark:text-gray-300"></span></div>
          </div>
          <hr data-v-20ac04fb="" class="md:hidden border-gray-200 dark:border-gray-700">
          <div data-v-20ac04fb="" class="w-full px-4 py-4 sm:px-6 sm:py-6 lg:px-8">
            <div data-v-20ac04fb="" class="flex w-full">
              <div class="m-auto mt-8 w-full max-w-sm p-4 bg-white border border-gray-200 rounded-lg shadow-sm sm:p-6 md:p-8 dark:bg-gray-800 dark:border-gray-700">
                <form class="space-y-6">
                  <h5 class="text-xl font-medium text-gray-900 dark:text-white">pages.login.form.title</h5>
                  <div><label for="email" class="block mb-2 text-sm font-medium text-gray-900 dark:text-white">pages.login.form.email.label</label>
                    <div class="relative">
                      <div class="absolute inset-y-0 start-0 flex items-center ps-3.5 pointer-events-none"><svg class="w-4 h-4 text-gray-500 dark:text-gray-400" aria-hidden="true" xmlns="http://www.w3.org/2000/svg" fill="currentColor" viewBox="0 0 20 16">
                          <path d="m10.036 8.278 9.258-7.79A1.979 1.979 0 0 0 18 0H2A1.987 1.987 0 0 0 .641.541l9.395 7.737Z"></path>
                          <path d="M11.241 9.817c-.36.275-.801.425-1.255.427-.428 0-.845-.138-1.187-.395L0 2.6V14a2 2 0 0 0 2 2h16a2 2 0 0 0 2-2V2.5l-8.759 7.317Z"></path>
                        </svg></div><input id="email-address-icon" type="text" class="bg-gray-50 border border-gray-300 text-gray-900 text-sm rounded-lg focus:ring-blue-500 focus:border-blue-500 block w-full ps-10 p-2.5 dark:bg-gray-700 dark:border-gray-600 dark:placeholder-gray-400 dark:text-white dark:focus:ring-blue-500 dark:focus:border-blue-500" placeholder="pages.login.form.email.placeholder">
                    </div>
                  </div><button type="submit" class="w-full text-white bg-blue-700 hover:bg-blue-800 focus:ring-4 focus:outline-none focus:ring-blue-300 font-medium rounded-lg text-sm px-5 py-2.5 text-center dark:bg-blue-600 dark:hover:bg-blue-700 dark:focus:ring-blue-800">pages.login.form.button</button>
                </form>
              </div>
            </div>
          </div>
        </main>
      </div>
    </div>
  </div>
</div>"
`;
