// Vitest Snapshot v1, https://vitest.dev/guide/snapshot.html

exports[`Page: Index > renders 1`] = `
"<div id="test-wrapper">
  <div class="box">
    <div class="calendar row">
      <div class="cal-wrapper stagger-pending">
        <div class="cv-header"><span class="periodLabel">January 2025</span>
          <div class="cv-header-nav">
            <!-- eslint-disable @intlify/vue-i18n/no-raw-text --><button aria-label="December"><span class="nav-arrow">‹</span><span class="nav-label">December</span></button><!-- eslint-enable @intlify/vue-i18n/no-raw-text --><button disabled="">pages.index.today</button><!-- eslint-disable @intlify/vue-i18n/no-raw-text --><button aria-label="February"><span class="nav-label">February</span><span class="nav-arrow">›</span></button><!-- eslint-enable @intlify/vue-i18n/no-raw-text -->
          </div>
        </div>
        <div class="sx-vue-calendar-wrapper"></div><!-- Loading overlay -->
        <div class="cal-loading-overlay" style="display: none;">
          <div class="flex items-center gap-2"><span class="loading-dot"></span><span class="loading-dot" style="animation-delay: 0.15s;"></span><span class="loading-dot" style="animation-delay: 0.3s;"></span></div>
        </div><!-- Calendar legend / filter -->
        <div class="cal-legend">
          <div class="cal-legend-inner"><button class="cal-legend-item"><span class="cal-legend-dot" style="background-color: #dfc8b4;"></span><span class="cal-legend-name">Work</span></button></div>
        </div>
      </div>
      <!--teleport start-->
      <!--teleport end-->
    </div>
  </div>
</div>"
`;
