// Vitest Snapshot v1, https://vitest.dev/guide/snapshot.html

exports[`Page: Telegram > renders the loaded channels 1`] = `
"<div class="w-full px-4 py-4 sm:px-6 sm:py-6 lg:px-8 space-y-6">
  <h1 class="text-2xl font-display text-navy dark:text-ivory">pages.telegram.title</h1>
  <div class="animate-fade-slide-up bg-white/80 dark:bg-poster-darkCard rounded shadow-lg p-6 border-2 border-navy/15 dark:border-poster-darkBorder">
    <p class="mb-4 text-sm font-body text-navy/70 dark:text-ivory/70">pages.telegram.intro</p>
    <ul class="space-y-3">
      <li class="flex flex-wrap items-center justify-between gap-3 border-b border-navy/5 dark:border-poster-darkBorder/50 pb-3 last:border-b-0 last:pb-0">
        <div class="min-w-0">
          <div class="flex items-center gap-2"><span class="font-medium font-body text-navy dark:text-ivory">Kultur-Steher</span><span class="inline-block rounded px-2 py-0.5 text-xs font-medium bg-navy/10 dark:bg-poster-darkBorder text-navy/70 dark:text-ivory/70">pages.telegram.badge.invite</span></div>
          <p class="text-sm font-body text-navy/60 dark:text-poster-darkMuted">Orga und Termine</p>
        </div>
        <!-- Opens the Telegram app or web client; noopener/noreferrer so the
               target page cannot reach back into this one. --><a href="https://t.me/+AbCdEf" target="_blank" rel="noopener noreferrer" class="shrink-0 text-ivory bg-sienna hover:brightness-110 dark:bg-sienna-dark dark:hover:brightness-110 focus:ring-4 focus:outline-none focus:ring-sienna/30 font-semibold font-body rounded text-sm px-4 py-2 transition-all">pages.telegram.join</a>
      </li>
      <li class="flex flex-wrap items-center justify-between gap-3 border-b border-navy/5 dark:border-poster-darkBorder/50 pb-3 last:border-b-0 last:pb-0">
        <div class="min-w-0">
          <div class="flex items-center gap-2"><span class="font-medium font-body text-navy dark:text-ivory">GG&amp;G Info</span><span class="inline-block rounded px-2 py-0.5 text-xs font-medium bg-olive/15 text-olive-dark dark:text-olive-light">pages.telegram.badge.public</span></div>
          <!--v-if-->
        </div>
        <!-- Opens the Telegram app or web client; noopener/noreferrer so the
               target page cannot reach back into this one. --><a href="https://t.me/ggg_info" target="_blank" rel="noopener noreferrer" class="shrink-0 text-ivory bg-sienna hover:brightness-110 dark:bg-sienna-dark dark:hover:brightness-110 focus:ring-4 focus:outline-none focus:ring-sienna/30 font-semibold font-body rounded text-sm px-4 py-2 transition-all">pages.telegram.join</a>
      </li>
    </ul>
  </div>
</div>"
`;
