// Vitest Snapshot v1, https://vitest.dev/guide/snapshot.html

exports[`App > renders default page 1`] = `
"<div id="test-wrapper">
  <div data-v-433a9abd="" class="flex h-screen bg-white dark:bg-gray-800">
    <nav data-v-433a9abd="" class="bg-white border-gray-200 dark:bg-gray-900 shadow-sm w-full fixed top-0">
      <div class="max-w-screen-xl flex flex-wrap items-center justify-between mx-auto p-2"><a href="/" class="flex items-center space-x-3 rtl:space-x-reverse"><svg data-v-279a7136="" xmlns="http://www.w3.org/2000/svg" xml:space="preserve" viewBox="0 0 250 70" class="nuxt-icon nuxt-icon--fill logo text-gray-900 dark:text-white">
            <defs>
              <filter id="filter-id-a" width="1.071" height="1.071" x="-.035" y="-.035" style="color-interpolation-filters:sRGB;">
                <feFlood flood-color="#000" flood-opacity=".498" result="flood"></feFlood>
                <feGaussianBlur in="SourceGraphic" result="blur" stdDeviation="1"></feGaussianBlur>
                <feOffset in="blur" result="offset"></feOffset>
                <feComposite in="flood" in2="offset" operator="in" result="comp1"></feComposite>
                <feComposite in="SourceGraphic" in2="comp1" result="comp2"></feComposite>
              </filter>
              <filter id="filter-id-d" width="1.155" height="1.104" x="-.064" y="-.043" style="color-interpolation-filters:sRGB;">
                <feFlood flood-color="#000" flood-opacity=".498" result="flood"></feFlood>
                <feGaussianBlur in="SourceGraphic" result="blur" stdDeviation=".5"></feGaussianBlur>
                <feOffset dx=".5" dy=".5" in="blur" result="offset"></feOffset>
                <feComposite in="flood" in2="offset" operator="in" result="comp1"></feComposite>
                <feComposite in="SourceGraphic" in2="comp1" result="comp2"></feComposite>
              </filter>
              <filter id="filter-id-b" width="1.155" height="1.104" x="-.064" y="-.043" style="color-interpolation-filters:sRGB;">
                <feFlood flood-color="#000" flood-opacity=".498" result="flood"></feFlood>
                <feGaussianBlur in="SourceGraphic" result="blur" stdDeviation=".5"></feGaussianBlur>
                <feOffset dx=".5" dy=".5" in="blur" result="offset"></feOffset>
                <feComposite in="flood" in2="offset" operator="in" result="comp1"></feComposite>
                <feComposite in="SourceGraphic" in2="comp1" result="comp2"></feComposite>
              </filter>
              <filter id="filter-id-f" width="1.155" height="1.104" x="-.064" y="-.043" style="color-interpolation-filters:sRGB;">
                <feFlood flood-color="#000" flood-opacity=".498" result="flood"></feFlood>
                <feGaussianBlur in="SourceGraphic" result="blur" stdDeviation=".5"></feGaussianBlur>
                <feOffset dx=".5" dy=".5" in="blur" result="offset"></feOffset>
                <feComposite in="flood" in2="offset" operator="in" result="comp1"></feComposite>
                <feComposite in="SourceGraphic" in2="comp1" result="comp2"></feComposite>
              </filter>
              <filter id="filter-id-c" width="1.241" height="1.242" x="-.1" y="-.1" style="color-interpolation-filters:sRGB;">
                <feFlood flood-color="#000" flood-opacity=".498" result="flood"></feFlood>
                <feGaussianBlur in="SourceGraphic" result="blur" stdDeviation=".5"></feGaussianBlur>
                <feOffset dx=".5" dy=".5" in="blur" result="offset"></feOffset>
                <feComposite in="flood" in2="offset" operator="in" result="comp1"></feComposite>
                <feComposite in="SourceGraphic" in2="comp1" result="comp2"></feComposite>
              </filter>
              <filter id="filter-id-e" width="1.155" height="1.104" x="-.064" y="-.043" style="color-interpolation-filters:sRGB;">
                <feFlood flood-color="#000" flood-opacity=".498" result="flood"></feFlood>
                <feGaussianBlur in="SourceGraphic" result="blur" stdDeviation=".5"></feGaussianBlur>
                <feOffset dx=".5" dy=".5" in="blur" result="offset"></feOffset>
                <feComposite in="flood" in2="offset" operator="in" result="comp1"></feComposite>
                <feComposite in="SourceGraphic" in2="comp1" result="comp2"></feComposite>
              </filter>
            </defs><text xml:space="preserve" x="79.682" y="44.302" style="font-style:normal;font-variant:normal;font-weight:400;font-stretch:normal;font-size:33.8667px;line-height:1;font-family:P052;-inkscape-font-specification:P052;text-align:start;letter-spacing:-.396875px;word-spacing:-.0211667px;writing-mode:lr-tb;direction:ltr;text-anchor:start;display:inline;fill:currentColor;fill-opacity:1;stroke-width:0;">
              <tspan x="79.682" y="44.302" style="font-style:normal;font-variant:normal;font-weight:400;font-stretch:normal;font-size:33.8667px;font-family:P052;-inkscape-font-specification:P052;fill:currentColor;fill-opacity:1;stroke-width:0;">Jahrweiser</tspan>
            </text>
            <g style="display:inline;" transform="translate(4.24 -113.807)">
              <circle cx="30.76" cy="148.807" r="34" style="display:inline;fill:#ffe0c6;fill-opacity:1;stroke-width:0;filter:url(#filter-id-a);"></circle><text xml:space="preserve" x="28.654" y="168.671" style="font-style:italic;font-variant:normal;font-weight:500;font-stretch:normal;font-size:33.8667px;line-height:1;font-family:Z003;-inkscape-font-specification:&quot;Z003 Medium Italic&quot;;text-align:start;letter-spacing:-.396875px;word-spacing:-.0211667px;writing-mode:lr-tb;direction:ltr;text-anchor:start;display:inline;fill:#590080;fill-opacity:1;stroke-width:0;filter:url(#filter-id-b);">
                <tspan x="28.654" y="168.671" style="font-style:italic;font-variant:normal;font-weight:500;font-stretch:normal;font-size:33.8667px;font-family:Z003;-inkscape-font-specification:&quot;Z003 Medium Italic&quot;;fill:#590080;fill-opacity:1;stroke-width:0;">G</tspan>
              </text><text xml:space="preserve" x="16.396" y="169.663" style="font-style:normal;font-variant:normal;font-weight:400;font-stretch:normal;font-size:16.9333px;line-height:1;font-family:P052;-inkscape-font-specification:P052;text-align:start;letter-spacing:-.396875px;word-spacing:-.0211667px;writing-mode:lr-tb;direction:ltr;text-anchor:start;display:inline;fill:#000;fill-opacity:1;stroke-width:0;filter:url(#filter-id-c);">
                <tspan x="16.396" y="169.663" style="font-style:normal;font-variant:normal;font-weight:400;font-stretch:normal;font-size:16.9333px;font-family:P052;-inkscape-font-specification:P052;fill:#000;fill-opacity:1;stroke-width:0;">&amp;</tspan>
              </text><text xml:space="preserve" x="24.822" y="141.638" style="font-style:italic;font-variant:normal;font-weight:500;font-stretch:normal;font-size:33.8667px;line-height:1;font-family:Z003;-inkscape-font-specification:&quot;Z003 Medium Italic&quot;;text-align:start;letter-spacing:-.396875px;word-spacing:-.0211667px;writing-mode:lr-tb;direction:ltr;text-anchor:start;display:inline;fill:#540080;fill-opacity:1;stroke-width:0;filter:url(#filter-id-e);">
                <tspan x="24.822" y="141.638" style="font-style:italic;font-variant:normal;font-weight:500;font-stretch:normal;font-size:33.8667px;font-family:Z003;-inkscape-font-specification:&quot;Z003 Medium Italic&quot;;fill:#540080;fill-opacity:1;stroke-width:0;">G</tspan>
              </text><text xml:space="preserve" x=".479" y="151.445" style="font-style:italic;font-variant:normal;font-weight:500;font-stretch:normal;font-size:33.8667px;line-height:1;font-family:Z003;-inkscape-font-specification:&quot;Z003 Medium Italic&quot;;text-align:start;letter-spacing:-.396875px;word-spacing:-.0211667px;writing-mode:lr-tb;direction:ltr;text-anchor:start;display:inline;fill:#540080;fill-opacity:1;stroke-width:0;filter:url(#filter-id-f);">
                <tspan x=".479" y="151.445" style="font-style:italic;font-variant:normal;font-weight:500;font-stretch:normal;font-size:33.8667px;font-family:Z003;-inkscape-font-specification:&quot;Z003 Medium Italic&quot;;fill:#540080;fill-opacity:1;stroke-width:0;">G</tspan>
              </text>
            </g>
          </svg></a>
        <!--<button
        data-collapse-toggle="navbar-default"
        type="button"
        class="inline-flex items-center p-2 w-10 h-10 justify-center text-sm text-gray-500 rounded-lg md:hidden hover:bg-gray-100 focus:outline-none focus:ring-2 focus:ring-gray-200 dark:text-gray-400 dark:hover:bg-gray-700 dark:focus:ring-gray-600"
        aria-controls="navbar-default"
        aria-expanded="false"
      >
        <span class="sr-only">{{ $t('components.Header.open-menu') }}</span>
        <svg
          class="w-5 h-5"
          aria-hidden="true"
          xmlns="http://www.w3.org/2000/svg"
          fill="none"
          viewBox="0 0 17 14"
        >
          <path
            stroke="currentColor"
            stroke-linecap="round"
            stroke-linejoin="round"
            stroke-width="2"
            d="M1 1h15M1 7h15M1 13h15"
          />
        </svg>
      </button>-->
        <!--v-if-->
      </div>
    </nav>
    <div data-v-433a9abd="" class="content max-w-screen-xl flex flex-wrap justify-between mx-auto">
      <div class="flex w-full">
        <div class="m-auto mt-8 w-full max-w-sm p-4 bg-white border border-gray-200 rounded-lg shadow-sm sm:p-6 md:p-8 dark:bg-gray-800 dark:border-gray-700">
          <form class="space-y-6">
            <h5 class="text-xl font-medium text-gray-900 dark:text-white">pages.login.form.title</h5>
            <div><label for="email" class="block mb-2 text-sm font-medium text-gray-900 dark:text-white">pages.login.form.email.label</label>
              <div class="relative">
                <div class="absolute inset-y-0 start-0 flex items-center ps-3.5 pointer-events-none"><svg class="w-4 h-4 text-gray-500 dark:text-gray-400" aria-hidden="true" xmlns="http://www.w3.org/2000/svg" fill="currentColor" viewBox="0 0 20 16">
                    <path d="m10.036 8.278 9.258-7.79A1.979 1.979 0 0 0 18 0H2A1.987 1.987 0 0 0 .641.541l9.395 7.737Z"></path>
                    <path d="M11.241 9.817c-.36.275-.801.425-1.255.427-.428 0-.845-.138-1.187-.395L0 2.6V14a2 2 0 0 0 2 2h16a2 2 0 0 0 2-2V2.5l-8.759 7.317Z"></path>
                  </svg></div><input id="email-address-icon" type="text" class="bg-gray-50 border border-gray-300 text-gray-900 text-sm rounded-lg focus:ring-blue-500 focus:border-blue-500 block w-full ps-10 p-2.5 dark:bg-gray-700 dark:border-gray-600 dark:placeholder-gray-400 dark:text-white dark:focus:ring-blue-500 dark:focus:border-blue-500" placeholder="pages.login.form.email.placeholder">
              </div>
            </div><button type="submit" class="w-full text-white bg-blue-700 hover:bg-blue-800 focus:ring-4 focus:outline-none focus:ring-blue-300 font-medium rounded-lg text-sm px-5 py-2.5 text-center dark:bg-blue-600 dark:hover:bg-blue-700 dark:focus:ring-blue-800">pages.login.form.button</button>
          </form>
        </div>
      </div>
    </div>
    <footer data-v-433a9abd="" class="bg-white dark:bg-gray-800 absolute bottom-0 w-full border-t p-1">
      <div class="w-full mx-auto max-w-screen-xl flex items-center justify-between"><span class="text-sm text-gray-500 sm:text-center dark:text-gray-400">components.Footer.copyright <a href="https://www.webcraft-media.de/" class="hover:underline">components.Footer.copyright-holder</a><p class="inline hidden md:inline">components.Footer.copyright-text</p></span>
        <ul class="flex flex-wrap items-center text-sm font-medium text-gray-500 dark:text-gray-400">
          <li><a href="https://www.webcraft-media.de#!impressum" class="hover:underline me-4 md:me-6">components.Footer.imprint</a></li>
          <li><a href="https://www.webcraft-media.de#!datenschutz" class="hover:underline me-4 md:me-6">components.Footer.privacy-policy</a></li>
        </ul>
      </div>
    </footer>
  </div>
</div>"
`;
