// Vitest Snapshot v1, https://vitest.dev/guide/snapshot.html

exports[`Page: Login Token > renders loading state 1`] = `
"<div id="test-wrapper">
  <div>
    <!-- Loading dots -->
    <div class="mt-8 animate-fade-slide-up">
      <div role="status" class="flex items-center gap-2"><span class="loading-dot"></span><span class="loading-dot" style="animation-delay: 0.15s;"></span><span class="loading-dot" style="animation-delay: 0.3s;"></span><span class="sr-only">pages.login.token.loading</span></div>
    </div>
  </div>
</div>"
`;
